###############################################################################
#
# IAR ELF Linker V7.50.3.10732/W32 for ARM                01/Sep/2016  11:19:19
# Copyright 2007-2016 IAR Systems AB.
#
#    Output file  =  
#        D:\GENFrameWork\GEN\Platforms\Microcontrollers\STM32Fxxx\Library\EWARM\Library\Exe\Library.out
#    Map file     =  
#        D:\GENFrameWork\GEN\Platforms\Microcontrollers\STM32Fxxx\Library\EWARM\Library\List\Library.map
#    Command line =  
#        D:\GENFrameWork\GEN\Platforms\Microcontrollers\STM32Fxxx\Library\EWARM\Library\Obj\main.o
#        D:\GENFrameWork\GEN\Platforms\Microcontrollers\STM32Fxxx\Library\EWARM\Library\Obj\startup_stm32f072xb.o
#        D:\GENFrameWork\GEN\Platforms\Microcontrollers\STM32Fxxx\Library\EWARM\Library\Obj\stm32f0xx_hal.o
#        D:\GENFrameWork\GEN\Platforms\Microcontrollers\STM32Fxxx\Library\EWARM\Library\Obj\stm32f0xx_hal_cortex.o
#        D:\GENFrameWork\GEN\Platforms\Microcontrollers\STM32Fxxx\Library\EWARM\Library\Obj\stm32f0xx_hal_dma.o
#        D:\GENFrameWork\GEN\Platforms\Microcontrollers\STM32Fxxx\Library\EWARM\Library\Obj\stm32f0xx_hal_flash.o
#        D:\GENFrameWork\GEN\Platforms\Microcontrollers\STM32Fxxx\Library\EWARM\Library\Obj\stm32f0xx_hal_flash_ex.o
#        D:\GENFrameWork\GEN\Platforms\Microcontrollers\STM32Fxxx\Library\EWARM\Library\Obj\stm32f0xx_hal_gpio.o
#        D:\GENFrameWork\GEN\Platforms\Microcontrollers\STM32Fxxx\Library\EWARM\Library\Obj\stm32f0xx_hal_i2c.o
#        D:\GENFrameWork\GEN\Platforms\Microcontrollers\STM32Fxxx\Library\EWARM\Library\Obj\stm32f0xx_hal_i2c_ex.o
#        D:\GENFrameWork\GEN\Platforms\Microcontrollers\STM32Fxxx\Library\EWARM\Library\Obj\stm32f0xx_hal_msp.o
#        D:\GENFrameWork\GEN\Platforms\Microcontrollers\STM32Fxxx\Library\EWARM\Library\Obj\stm32f0xx_hal_pcd.o
#        D:\GENFrameWork\GEN\Platforms\Microcontrollers\STM32Fxxx\Library\EWARM\Library\Obj\stm32f0xx_hal_pcd_ex.o
#        D:\GENFrameWork\GEN\Platforms\Microcontrollers\STM32Fxxx\Library\EWARM\Library\Obj\stm32f0xx_hal_pwr.o
#        D:\GENFrameWork\GEN\Platforms\Microcontrollers\STM32Fxxx\Library\EWARM\Library\Obj\stm32f0xx_hal_pwr_ex.o
#        D:\GENFrameWork\GEN\Platforms\Microcontrollers\STM32Fxxx\Library\EWARM\Library\Obj\stm32f0xx_hal_rcc.o
#        D:\GENFrameWork\GEN\Platforms\Microcontrollers\STM32Fxxx\Library\EWARM\Library\Obj\stm32f0xx_hal_rcc_ex.o
#        D:\GENFrameWork\GEN\Platforms\Microcontrollers\STM32Fxxx\Library\EWARM\Library\Obj\stm32f0xx_hal_tim.o
#        D:\GENFrameWork\GEN\Platforms\Microcontrollers\STM32Fxxx\Library\EWARM\Library\Obj\stm32f0xx_hal_tim_ex.o
#        D:\GENFrameWork\GEN\Platforms\Microcontrollers\STM32Fxxx\Library\EWARM\Library\Obj\stm32f0xx_hal_uart.o
#        D:\GENFrameWork\GEN\Platforms\Microcontrollers\STM32Fxxx\Library\EWARM\Library\Obj\stm32f0xx_hal_uart_ex.o
#        D:\GENFrameWork\GEN\Platforms\Microcontrollers\STM32Fxxx\Library\EWARM\Library\Obj\stm32f0xx_it.o
#        D:\GENFrameWork\GEN\Platforms\Microcontrollers\STM32Fxxx\Library\EWARM\Library\Obj\system_stm32f0xx.o
#        D:\GENFrameWork\GEN\Platforms\Microcontrollers\STM32Fxxx\Library\EWARM\Library\Obj\usb_device.o
#        D:\GENFrameWork\GEN\Platforms\Microcontrollers\STM32Fxxx\Library\EWARM\Library\Obj\usbd_cdc.o
#        D:\GENFrameWork\GEN\Platforms\Microcontrollers\STM32Fxxx\Library\EWARM\Library\Obj\usbd_cdc_if.o
#        D:\GENFrameWork\GEN\Platforms\Microcontrollers\STM32Fxxx\Library\EWARM\Library\Obj\usbd_conf.o
#        D:\GENFrameWork\GEN\Platforms\Microcontrollers\STM32Fxxx\Library\EWARM\Library\Obj\usbd_core.o
#        D:\GENFrameWork\GEN\Platforms\Microcontrollers\STM32Fxxx\Library\EWARM\Library\Obj\usbd_ctlreq.o
#        D:\GENFrameWork\GEN\Platforms\Microcontrollers\STM32Fxxx\Library\EWARM\Library\Obj\usbd_desc.o
#        D:\GENFrameWork\GEN\Platforms\Microcontrollers\STM32Fxxx\Library\EWARM\Library\Obj\usbd_ioreq.o
#        --redirect _Printf=_PrintfFull --redirect _Scanf=_ScanfFull -o
#        D:\GENFrameWork\GEN\Platforms\Microcontrollers\STM32Fxxx\Library\EWARM\Library\Exe\Library.out
#        --map
#        D:\GENFrameWork\GEN\Platforms\Microcontrollers\STM32Fxxx\Library\EWARM\Library\List\Library.map
#        --config
#        D:\GENFrameWork\GEN\Platforms\Microcontrollers\STM32Fxxx\Library\EWARM/stm32f072xb_flash.icf
#        --semihosting --entry __iar_program_start --vfe
#
###############################################################################

*******************************************************************************
*** RUNTIME MODEL ATTRIBUTES
***

CppFlavor       = *
__SystemLibrary = DLib


*******************************************************************************
*** PLACEMENT SUMMARY
***

"A1":  place at 0x08000000 { ro section .intvec };
"P1":  place in [from 0x08000000 to 0x0801ffff] { ro };
"P2":  place in [from 0x20000000 to 0x20003fff] { rw, block CSTACK, block HEAP };

  Section            Kind        Address    Size  Object
  -------            ----        -------    ----  ------
"A1":                                       0xc0
  .intvec            ro code  0x08000000    0xc0  startup_stm32f072xb.o [1]
                            - 0x080000c0    0xc0

"P1":                                     0x36a0
  .text              ro code  0x080000c0   0xdb4  stm32f0xx_hal_pcd.o [1]
  .text              ro code  0x08000e74   0x22e  usbd_conf.o [1]
  .text              ro code  0x080010a2     0x2  startup_stm32f072xb.o [1]
  .text              ro code  0x080010a4    0xa2  stm32f0xx_hal_cortex.o [1]
  .text              ro code  0x08001146   0x266  usbd_core.o [1]
  .text              ro code  0x080013ac   0x26a  main.o [1]
  .text              ro code  0x08001616    0x3a  stm32f0xx_hal_pcd_ex.o [1]
  .text              ro code  0x08001650   0x3e8  usbd_ctlreq.o [1]
  .text              ro code  0x08001a38    0x82  usbd_ioreq.o [1]
  .text              ro code  0x08001aba    0xae  I32DivModFast.o [4]
  .text              ro code  0x08001b68    0x70  stm32f0xx_hal.o [1]
  .text              ro code  0x08001bd8   0x710  stm32f0xx_hal_uart.o [1]
  .text              ro code  0x080022e8   0x36c  stm32f0xx_hal_tim.o [1]
  .text              ro code  0x08002654    0x4c  stm32f0xx_hal_tim_ex.o [1]
  .text              ro code  0x080026a0    0x38  usb_device.o [1]
  .text              ro code  0x080026d8   0x618  stm32f0xx_hal_rcc.o [1]
  .text              ro code  0x08002cf0   0x134  stm32f0xx_hal_rcc_ex.o [1]
  .text              ro code  0x08002e24   0x1a8  stm32f0xx_hal_gpio.o [1]
  .text              ro code  0x08002fcc     0x2  IntDivZer.o [4]
  .text              ro code  0x08002fce     0x2  startup_stm32f072xb.o [1]
  .text              ro code  0x08002fd0   0x110  stm32f0xx_hal_msp.o [1]
  .text              ro code  0x080030e0     0x2  stm32f0xx_hal_uart_ex.o [1]
  .text              ro code  0x080030e2     0x2  startup_stm32f072xb.o [1]
  .text              ro code  0x080030e4   0x23c  usbd_cdc.o [1]
  .text              ro code  0x08003320    0x34  ABImemcpy.o [4]
  .text              ro code  0x08003354    0xac  usbd_desc.o [1]
  .text              ro code  0x08003400    0x7c  lz77_init_single.o [4]
  .text              ro code  0x0800347c    0x70  system_stm32f0xx.o [1]
  .text              ro code  0x080034ec    0x44  usbd_cdc_if.o [1]
  .text              ro code  0x08003530    0x3c  zero_init3.o [4]
  .text              ro code  0x0800356c    0x38  stm32f0xx_it.o [1]
  .text              ro code  0x080035a4    0x28  data_init.o [4]
  .iar.init_table    const    0x080035cc    0x20  - Linker created -
  .text              ro code  0x080035ec    0x1a  cmain.o [4]
  .text              ro code  0x08003606     0x4  low_level_init.o [3]
  .text              ro code  0x0800360a     0x8  exit.o [3]
  .text              ro code  0x08003612     0x2  startup_stm32f072xb.o [1]
  .text              ro code  0x08003614     0xa  cexit.o [4]
  .text              ro code  0x0800361e     0x2  startup_stm32f072xb.o [1]
  .text              ro code  0x08003620    0x14  exit.o [5]
  .text              ro code  0x08003634    0x10  startup_stm32f072xb.o [1]
  .text              ro code  0x08003644     0xc  cstartup_M.o [4]
  .rodata            const    0x08003650     0x8  system_stm32f0xx.o [1]
  .text              ro code  0x08003658     0x2  startup_stm32f072xb.o [1]
  .text              ro code  0x0800365a     0x2  startup_stm32f072xb.o [1]
  .text              ro code  0x0800365c     0x2  startup_stm32f072xb.o [1]
  .text              ro code  0x0800365e     0x2  startup_stm32f072xb.o [1]
  .text              ro code  0x08003660     0x2  startup_stm32f072xb.o [1]
  .text              ro code  0x08003662     0x2  startup_stm32f072xb.o [1]
  .text              ro code  0x08003664     0x2  startup_stm32f072xb.o [1]
  .text              ro code  0x08003666     0x2  startup_stm32f072xb.o [1]
  .text              ro code  0x08003668     0x2  startup_stm32f072xb.o [1]
  .text              ro code  0x0800366a     0x2  startup_stm32f072xb.o [1]
  .text              ro code  0x0800366c     0x2  startup_stm32f072xb.o [1]
  .text              ro code  0x0800366e     0x2  startup_stm32f072xb.o [1]
  .text              ro code  0x08003670     0x2  startup_stm32f072xb.o [1]
  .text              ro code  0x08003672     0x2  startup_stm32f072xb.o [1]
  .text              ro code  0x08003674     0x2  startup_stm32f072xb.o [1]
  .text              ro code  0x08003676     0x2  startup_stm32f072xb.o [1]
  .text              ro code  0x08003678     0x2  startup_stm32f072xb.o [1]
  .text              ro code  0x0800367a     0x2  startup_stm32f072xb.o [1]
  .text              ro code  0x0800367c     0x2  startup_stm32f072xb.o [1]
  .text              ro code  0x0800367e     0x2  startup_stm32f072xb.o [1]
  .text              ro code  0x08003680     0x2  startup_stm32f072xb.o [1]
  .text              ro code  0x08003682     0x2  startup_stm32f072xb.o [1]
  .text              ro code  0x08003684     0x2  startup_stm32f072xb.o [1]
  .text              ro code  0x08003686     0x2  startup_stm32f072xb.o [1]
  .text              ro code  0x08003688     0x2  startup_stm32f072xb.o [1]
  .text              ro code  0x0800368a     0x2  startup_stm32f072xb.o [1]
  .text              ro code  0x0800368c     0x2  startup_stm32f072xb.o [1]
  .text              ro code  0x0800368e     0x2  startup_stm32f072xb.o [1]
  .rodata            const    0x08003690     0x0  zero_init3.o [4]
  .rodata            const    0x08003690     0x0  lz77_init_single.o [4]
  Initializer bytes  const    0x08003690    0xd0  <for P2-1>
                            - 0x08003760  0x36a0

"P2", part 1 of 3:                         0x158
  P2-1                        0x20000000   0x158  <Init block>
    .data            inited   0x20000000     0x4  system_stm32f0xx.o [1]
    .data            inited   0x20000004     0xc  usbd_cdc.o [1]
    .data            inited   0x20000010    0x38  usbd_cdc.o [1]
    .data            inited   0x20000048    0x44  usbd_cdc.o [1]
    .data            inited   0x2000008c    0x44  usbd_cdc.o [1]
    .data            inited   0x200000d0    0x44  usbd_cdc.o [1]
    .data            inited   0x20000114    0x10  usbd_cdc_if.o [1]
    .data            inited   0x20000124    0x1c  usbd_desc.o [1]
    .data            inited   0x20000140    0x14  usbd_desc.o [1]
    .data            inited   0x20000154     0x4  usbd_desc.o [1]
                            - 0x20000158   0x158

"P2", part 2 of 3:                         0x400
  CSTACK                      0x20000158   0x400  <Block>
    CSTACK           uninit   0x20000158   0x400  <Block tail>
                            - 0x20000558   0x400

"P2", part 3 of 3:                         0x990
  .bss               zero     0x20000558   0x224  usb_device.o [1]
  .bss               zero     0x2000077c   0x220  usbd_conf.o [1]
  .bss               zero     0x2000099c   0x220  usbd_conf.o [1]
  .bss               zero     0x20000bbc   0x200  usbd_desc.o [1]
  .bss               zero     0x20000dbc   0x11c  main.o [1]
  .bss               zero     0x20000ed8     0x8  usbd_cdc_if.o [1]
  .bss               zero     0x20000ee0     0x4  stm32f0xx_hal.o [1]
  .bss               zero     0x20000ee4     0x1  usbd_cdc.o [1]
  .bss               zero     0x20000ee5     0x1  usbd_ctlreq.o [1]
                            - 0x20000ee6   0x98e


*******************************************************************************
*** INIT TABLE
***

          Address     Size
          -------     ----
Zero (__iar_zero_init3)
    1 destination range, total size 0x98e:
          0x20000558  0x98e

Copy/lz77 (__iar_lz77_init_single3)
    1 source range, total size 0xd0 (60% of destination):
          0x08003690   0xd0
    1 destination range, total size 0x158:
          0x20000000  0x158



*******************************************************************************
*** MODULE SUMMARY
***

    Module                   ro code  ro data  rw data
    ------                   -------  -------  -------
D:\GENFrameWork\GEN\Platforms\Microcontrollers\STM32Fxxx\Library\EWARM\Library\Obj: [1]
    main.o                       618               284
    startup_stm32f072xb.o        274
    stm32f0xx_hal.o              112                 4
    stm32f0xx_hal_cortex.o       162
    stm32f0xx_hal_gpio.o         424
    stm32f0xx_hal_msp.o          272
    stm32f0xx_hal_pcd.o        3 508
    stm32f0xx_hal_pcd_ex.o        58
    stm32f0xx_hal_rcc.o        1 560
    stm32f0xx_hal_rcc_ex.o       308
    stm32f0xx_hal_tim.o          876
    stm32f0xx_hal_tim_ex.o        76
    stm32f0xx_hal_uart.o       1 808
    stm32f0xx_hal_uart_ex.o        2
    stm32f0xx_it.o                56
    system_stm32f0xx.o           112       10        4
    usb_device.o                  56               548
    usbd_cdc.o                   572      164      273
    usbd_cdc_if.o                 68       10       24
    usbd_conf.o                  558             1 088
    usbd_core.o                  614
    usbd_ctlreq.o              1 000                 1
    usbd_desc.o                  172       32      564
    usbd_ioreq.o                 130
    --------------------------------------------------
    Total:                    13 396      216    2 790

command line: [2]
    --------------------------------------------------
    Total:

dl6M_tlf.a: [3]
    exit.o                         8
    low_level_init.o               4
    --------------------------------------------------
    Total:                        12

rt6M_tl.a: [4]
    ABImemcpy.o                   52
    I32DivModFast.o              174
    IntDivZer.o                    2
    cexit.o                       10
    cmain.o                       26
    cstartup_M.o                  12
    data_init.o                   40
    lz77_init_single.o           124
    zero_init3.o                  60
    --------------------------------------------------
    Total:                       500

shb_l.a: [5]
    exit.o                        20
    --------------------------------------------------
    Total:                        20

    Linker created                         32    1 024
------------------------------------------------------
    Grand Total:              13 928      248    3 814


*******************************************************************************
*** ENTRY LIST
***

Entry                      Address   Size  Type      Object
-----                      -------   ----  ----      ------
.iar.init_table$$Base   0x080035cc          --   Gb  - Linker created -
.iar.init_table$$Limit  0x080035ec          --   Gb  - Linker created -
?main                   0x080035ed         Code  Gb  cmain.o [4]
AHBPrescTable           0x080034dc   0x10  Data  Gb  system_stm32f0xx.o [1]
APBPrescTable           0x08003650    0x8  Data  Gb  system_stm32f0xx.o [1]
CDC_Control_FS          0x0800350d    0x4  Code  Lc  usbd_cdc_if.o [1]
CDC_DeInit_FS           0x08003509    0x4  Code  Lc  usbd_cdc_if.o [1]
CDC_Init_FS             0x080034ed   0x1c  Code  Lc  usbd_cdc_if.o [1]
CDC_Receive_FS          0x08003511   0x16  Code  Lc  usbd_cdc_if.o [1]
CSTACK$$Base            0x20000158          --   Gb  - Linker created -
CSTACK$$Limit           0x20000558          --   Gb  - Linker created -
Error_Handler           0x08001615    0x2  Code  Gb  main.o [1]
FS_Desc                 0x20000124   0x1c  Data  Gb  usbd_desc.o [1]
HAL_Delay               0x08001bb7   0x18  Code  Wk  stm32f0xx_hal.o [1]
HAL_GPIO_Init           0x08002e25  0x17e  Code  Gb  stm32f0xx_hal_gpio.o [1]
HAL_GPIO_WritePin       0x08002fa3    0xc  Code  Gb  stm32f0xx_hal_gpio.o [1]
HAL_GetTick             0x08001bb1    0x6  Code  Wk  stm32f0xx_hal.o [1]
HAL_IncTick             0x08001ba7    0xa  Code  Wk  stm32f0xx_hal.o [1]
HAL_Init                0x08001b69   0x1a  Code  Gb  stm32f0xx_hal.o [1]
HAL_InitTick            0x08001b83   0x24  Code  Wk  stm32f0xx_hal.o [1]
HAL_MspInit             0x08002fd1   0x3a  Code  Gb  stm32f0xx_hal_msp.o [1]
HAL_NVIC_EnableIRQ      0x080010df    0xe  Code  Gb  stm32f0xx_hal_cortex.o [1]
HAL_NVIC_SetPriority    0x080010d7    0x8  Code  Gb  stm32f0xx_hal_cortex.o [1]
HAL_PCDEx_PMAConfig     0x08001617   0x3a  Code  Gb  stm32f0xx_hal_pcd_ex.o [1]
HAL_PCD_DataInStageCallback
                        0x08000ed5   0x16  Code  Gb  usbd_conf.o [1]
HAL_PCD_DataOutStageCallback
                        0x08000ebb   0x1a  Code  Gb  usbd_conf.o [1]
HAL_PCD_EP_Close        0x08000561  0x168  Code  Gb  stm32f0xx_hal_pcd.o [1]
HAL_PCD_EP_ClrStall     0x08000a59   0xa6  Code  Gb  stm32f0xx_hal_pcd.o [1]
HAL_PCD_EP_GetRxCount   0x08000821   0x14  Code  Gb  stm32f0xx_hal_pcd.o [1]
HAL_PCD_EP_Open         0x080002a1  0x2a6  Code  Gb  stm32f0xx_hal_pcd.o [1]
HAL_PCD_EP_Receive      0x080006d9  0x132  Code  Gb  stm32f0xx_hal_pcd.o [1]
HAL_PCD_EP_SetStall     0x080009d9   0x7c  Code  Gb  stm32f0xx_hal_pcd.o [1]
HAL_PCD_EP_Transmit     0x08000835  0x19e  Code  Gb  stm32f0xx_hal_pcd.o [1]
HAL_PCD_IRQHandler      0x0800016d   0xe6  Code  Gb  stm32f0xx_hal_pcd.o [1]
HAL_PCD_Init            0x080000c1   0x98  Code  Gb  stm32f0xx_hal_pcd.o [1]
HAL_PCD_MspInit         0x08000e75   0x32  Code  Gb  usbd_conf.o [1]
HAL_PCD_ResetCallback   0x08000ef9   0x18  Code  Gb  usbd_conf.o [1]
HAL_PCD_ResumeCallback  0x08000f31   0x24  Code  Gb  usbd_conf.o [1]
HAL_PCD_SOFCallback     0x08000eeb    0xe  Code  Gb  usbd_conf.o [1]
HAL_PCD_SetAddress      0x08000275   0x2c  Code  Gb  stm32f0xx_hal_pcd.o [1]
HAL_PCD_SetupStageCallback
                        0x08000ea7   0x14  Code  Gb  usbd_conf.o [1]
HAL_PCD_Start           0x08000159   0x14  Code  Gb  stm32f0xx_hal_pcd.o [1]
HAL_PCD_SuspendCallback
                        0x08000f11   0x20  Code  Gb  usbd_conf.o [1]
HAL_RCCEx_PeriphCLKConfig
                        0x08002cf1  0x118  Code  Gb  stm32f0xx_hal_rcc_ex.o [1]
HAL_RCC_ClockConfig     0x08002ac9  0x14e  Code  Gb  stm32f0xx_hal_rcc.o [1]
HAL_RCC_GetHCLKFreq     0x08002c87    0x6  Code  Gb  stm32f0xx_hal_rcc.o [1]
HAL_RCC_GetPCLK1Freq    0x08002c91   0x14  Code  Gb  stm32f0xx_hal_rcc.o [1]
HAL_RCC_GetSysClockFreq
                        0x08002c1d   0x6a  Code  Gb  stm32f0xx_hal_rcc.o [1]
HAL_RCC_OscConfig       0x080026d9  0x3e4  Code  Gb  stm32f0xx_hal_rcc.o [1]
HAL_SYSTICK_CLKSourceConfig
                        0x08001115   0x18  Code  Gb  stm32f0xx_hal_cortex.o [1]
HAL_SYSTICK_Callback    0x08001145    0x2  Code  Wk  stm32f0xx_hal_cortex.o [1]
HAL_SYSTICK_Config      0x080010ed   0x28  Code  Gb  stm32f0xx_hal_cortex.o [1]
HAL_SYSTICK_IRQHandler  0x0800113d    0x8  Code  Gb  stm32f0xx_hal_cortex.o [1]
HAL_TIMEx_BreakCallback
                        0x0800269f    0x2  Code  Wk  stm32f0xx_hal_tim_ex.o [1]
HAL_TIMEx_CommutationCallback
                        0x0800269d    0x2  Code  Wk  stm32f0xx_hal_tim_ex.o [1]
HAL_TIMEx_MasterConfigSynchronization
                        0x08002655   0x48  Code  Gb  stm32f0xx_hal_tim_ex.o [1]
HAL_TIM_Base_Init       0x080022e9   0x1e  Code  Gb  stm32f0xx_hal_tim.o [1]
HAL_TIM_Base_MspInit    0x0800300b   0x30  Code  Gb  stm32f0xx_hal_msp.o [1]
HAL_TIM_ConfigClockSource
                        0x0800246b   0xce  Code  Gb  stm32f0xx_hal_tim.o [1]
HAL_TIM_IC_CaptureCallback
                        0x08002543    0x2  Code  Wk  stm32f0xx_hal_tim.o [1]
HAL_TIM_IRQHandler      0x0800231b  0x150  Code  Gb  stm32f0xx_hal_tim.o [1]
HAL_TIM_OC_DelayElapsedCallback
                        0x08002541    0x2  Code  Wk  stm32f0xx_hal_tim.o [1]
HAL_TIM_PWM_PulseFinishedCallback
                        0x08002545    0x2  Code  Wk  stm32f0xx_hal_tim.o [1]
HAL_TIM_PeriodElapsedCallback
                        0x0800253f    0x2  Code  Wk  stm32f0xx_hal_tim.o [1]
HAL_TIM_TriggerCallback
                        0x08002547    0x2  Code  Wk  stm32f0xx_hal_tim.o [1]
HAL_UARTEx_WakeupCallback
                        0x080030e1    0x2  Code  Wk  stm32f0xx_hal_uart_ex.o [1]
HAL_UART_ErrorCallback  0x08001e71    0x2  Code  Wk  stm32f0xx_hal_uart.o [1]
HAL_UART_IRQHandler     0x08001d8d   0xda  Code  Gb  stm32f0xx_hal_uart.o [1]
HAL_UART_Init           0x08001bd9   0x56  Code  Gb  stm32f0xx_hal_uart.o [1]
HAL_UART_MspInit        0x0800303b   0x8e  Code  Gb  stm32f0xx_hal_msp.o [1]
HAL_UART_Receive_IT     0x08001cf1   0x9c  Code  Gb  stm32f0xx_hal_uart.o [1]
HAL_UART_RxCpltCallback
                        0x08001e6f    0x2  Code  Wk  stm32f0xx_hal_uart.o [1]
HAL_UART_Transmit       0x08001c41   0xaa  Code  Gb  stm32f0xx_hal_uart.o [1]
HAL_UART_TxCpltCallback
                        0x08001e6d    0x2  Code  Wk  stm32f0xx_hal_uart.o [1]
MX_GPIO_Init            0x0800150b   0xdc  Code  Lc  main.o [1]
MX_USB_DEVICE_Init      0x080026a1   0x38  Code  Gb  usb_device.o [1]
NVIC_SetPriority        0x080010a5   0x32  Code  Lc  stm32f0xx_hal_cortex.o [1]
PCD_EP_ISR_Handler      0x08000b5d  0x2f0  Code  Lc  stm32f0xx_hal_pcd.o [1]
PCD_ReadPMA             0x08000b41   0x1c  Code  Gb  stm32f0xx_hal_pcd.o [1]
PCD_WritePMA            0x08000b1d   0x24  Code  Gb  stm32f0xx_hal_pcd.o [1]
Region$$Table$$Base     0x080035cc          --   Gb  - Linker created -
Region$$Table$$Limit    0x080035ec          --   Gb  - Linker created -
SysTick_Handler         0x0800356d    0xc  Code  Gb  stm32f0xx_it.o [1]
SystemClock_Config      0x08001489   0x82  Code  Gb  main.o [1]
SystemCoreClock         0x20000000    0x4  Data  Gb  system_stm32f0xx.o [1]
SystemInit              0x0800347d   0x48  Code  Gb  system_stm32f0xx.o [1]
TIM3_IRQHandler         0x08003579    0xa  Code  Gb  stm32f0xx_it.o [1]
TIM_Base_SetConfig      0x08002549   0x76  Code  Gb  stm32f0xx_hal_tim.o [1]
TIM_ETR_SetConfig       0x08002639   0x14  Code  Gb  stm32f0xx_hal_tim.o [1]
TIM_ITRx_SetConfig      0x08002629   0x10  Code  Lc  stm32f0xx_hal_tim.o [1]
TIM_TI1_ConfigInputStage
                        0x080025e1   0x22  Code  Lc  stm32f0xx_hal_tim.o [1]
TIM_TI2_ConfigInputStage
                        0x08002603   0x24  Code  Lc  stm32f0xx_hal_tim.o [1]
UART_AdvFeatureConfig   0x08001faf   0xc8  Code  Gb  stm32f0xx_hal_uart.o [1]
UART_CheckIdleState     0x08002077   0x60  Code  Gb  stm32f0xx_hal_uart.o [1]
UART_EndTransmit_IT     0x0800223d   0x1a  Code  Gb  stm32f0xx_hal_uart.o [1]
UART_Receive_IT         0x08002257   0x80  Code  Gb  stm32f0xx_hal_uart.o [1]
UART_SetConfig          0x08001e73  0x13c  Code  Gb  stm32f0xx_hal_uart.o [1]
UART_Transmit_IT        0x080021d9   0x64  Code  Gb  stm32f0xx_hal_uart.o [1]
UART_WaitOnFlagUntilTimeout
                        0x080020f5   0xbc  Code  Gb  stm32f0xx_hal_uart.o [1]
USART1_IRQHandler       0x08003583    0xa  Code  Gb  stm32f0xx_it.o [1]
USBD_CDC                0x20000010   0x38  Data  Gb  usbd_cdc.o [1]
USBD_CDC_CfgFSDesc      0x2000008c   0x44  Data  Gb  usbd_cdc.o [1]
USBD_CDC_CfgHSDesc      0x20000048   0x44  Data  Gb  usbd_cdc.o [1]
USBD_CDC_DataIn         0x08003217   0x1a  Code  Lc  usbd_cdc.o [1]
USBD_CDC_DataOut        0x08003231   0x30  Code  Lc  usbd_cdc.o [1]
USBD_CDC_DeInit         0x08003171   0x3a  Code  Lc  usbd_cdc.o [1]
USBD_CDC_DeviceQualifierDesc
                        0x20000004    0xc  Data  Lc  usbd_cdc.o [1]
USBD_CDC_EP0_RxReady    0x08003261   0x2a  Code  Lc  usbd_cdc.o [1]
USBD_CDC_GetDeviceQualifierDescriptor
                        0x080032a3    0x8  Code  Gb  usbd_cdc.o [1]
USBD_CDC_GetFSCfgDesc   0x0800328b    0x8  Code  Lc  usbd_cdc.o [1]
USBD_CDC_GetHSCfgDesc   0x08003293    0x8  Code  Lc  usbd_cdc.o [1]
USBD_CDC_GetOtherSpeedCfgDesc
                        0x0800329b    0x8  Code  Lc  usbd_cdc.o [1]
USBD_CDC_Init           0x080030e5   0x8c  Code  Lc  usbd_cdc.o [1]
USBD_CDC_OtherSpeedCfgDesc
                        0x200000d0   0x44  Data  Gb  usbd_cdc.o [1]
USBD_CDC_ReceivePacket  0x080032f3   0x2e  Code  Gb  usbd_cdc.o [1]
USBD_CDC_RegisterInterface
                        0x080032c1   0x12  Code  Gb  usbd_cdc.o [1]
USBD_CDC_SetRxBuffer    0x080032e5    0xe  Code  Gb  usbd_cdc.o [1]
USBD_CDC_SetTxBuffer    0x080032d3   0x12  Code  Gb  usbd_cdc.o [1]
USBD_CDC_Setup          0x080031ab   0x6c  Code  Lc  usbd_cdc.o [1]
USBD_ClrClassConfig     0x080011af    0xa  Code  Gb  usbd_core.o [1]
USBD_CtlContinueRx      0x08001a83    0x8  Code  Gb  usbd_ioreq.o [1]
USBD_CtlContinueSendData
                        0x08001a59    0x8  Code  Gb  usbd_ioreq.o [1]
USBD_CtlError           0x080019e1   0x14  Code  Gb  usbd_ctlreq.o [1]
USBD_CtlPrepareRx       0x08001a61   0x22  Code  Gb  usbd_ioreq.o [1]
USBD_CtlReceiveStatus   0x08001aa3    0xe  Code  Gb  usbd_ioreq.o [1]
USBD_CtlSendData        0x08001a39   0x20  Code  Gb  usbd_ioreq.o [1]
USBD_CtlSendStatus      0x08001a8b    0xe  Code  Gb  usbd_ioreq.o [1]
USBD_FS_ConfigStrDescriptor
                        0x08003399    0x8  Code  Gb  usbd_desc.o [1]
USBD_FS_DeviceDesc      0x20000140   0x14  Data  Gb  usbd_desc.o [1]
USBD_FS_DeviceDescriptor
                        0x08003355    0x8  Code  Gb  usbd_desc.o [1]
USBD_FS_InterfaceStrDescriptor
                        0x080033a1    0x8  Code  Gb  usbd_desc.o [1]
USBD_FS_LangIDStrDescriptor
                        0x0800335d    0x8  Code  Gb  usbd_desc.o [1]
USBD_FS_ManufacturerStrDescriptor
                        0x0800336d    0xc  Code  Gb  usbd_desc.o [1]
USBD_FS_ProductStrDescriptor
                        0x08003365    0x8  Code  Gb  usbd_desc.o [1]
USBD_FS_SerialStrDescriptor
                        0x08003379    0x6  Code  Gb  usbd_desc.o [1]
USBD_GetDescriptor      0x080018bd   0xfc  Code  Lc  usbd_ctlreq.o [1]
USBD_GetString          0x080019f5   0x44  Code  Gb  usbd_ctlreq.o [1]
USBD_Init               0x08001147   0x2e  Code  Gb  usbd_core.o [1]
USBD_Interface_fops_FS  0x20000114   0x10  Data  Gb  usbd_cdc_if.o [1]
USBD_LL_ClearStallEP    0x08001015   0x10  Code  Gb  usbd_conf.o [1]
USBD_LL_CloseEP         0x08000ff5   0x10  Code  Gb  usbd_conf.o [1]
USBD_LL_DataInStage     0x0800127d   0xa0  Code  Gb  usbd_core.o [1]
USBD_LL_DataOutStage    0x08001213   0x6a  Code  Gb  usbd_core.o [1]
USBD_LL_GetRxDataSize   0x08001077    0xe  Code  Gb  usbd_conf.o [1]
USBD_LL_Init            0x08000f55   0x7a  Code  Gb  usbd_conf.o [1]
USBD_LL_IsStallEP       0x08001025   0x22  Code  Gb  usbd_conf.o [1]
USBD_LL_OpenEP          0x08000fdf   0x16  Code  Gb  usbd_conf.o [1]
USBD_LL_PrepareReceive  0x08001067   0x10  Code  Gb  usbd_conf.o [1]
USBD_LL_Reset           0x0800131d   0x46  Code  Gb  usbd_core.o [1]
USBD_LL_Resume          0x0800137b    0xe  Code  Gb  usbd_core.o [1]
USBD_LL_SOF             0x08001389   0x1c  Code  Gb  usbd_core.o [1]
USBD_LL_SetSpeed        0x08001363    0x6  Code  Gb  usbd_core.o [1]
USBD_LL_SetUSBAddress   0x08001047   0x10  Code  Gb  usbd_conf.o [1]
USBD_LL_SetupStage      0x080011b9   0x5a  Code  Gb  usbd_core.o [1]
USBD_LL_StallEP         0x08001005   0x10  Code  Gb  usbd_conf.o [1]
USBD_LL_Start           0x08000fcf   0x10  Code  Gb  usbd_conf.o [1]
USBD_LL_Suspend         0x08001369   0x12  Code  Gb  usbd_core.o [1]
USBD_LL_Transmit        0x08001057   0x10  Code  Gb  usbd_conf.o [1]
USBD_LangIDDesc         0x20000154    0x4  Data  Gb  usbd_desc.o [1]
USBD_ParseSetupRequest  0x080019b9   0x28  Code  Gb  usbd_ctlreq.o [1]
USBD_RegisterClass      0x08001175   0x14  Code  Gb  usbd_core.o [1]
USBD_SetClassConfig     0x08001193   0x1c  Code  Gb  usbd_core.o [1]
USBD_Start              0x08001189    0xa  Code  Gb  usbd_core.o [1]
USBD_StdDevReq          0x08001651  0x14c  Code  Gb  usbd_ctlreq.o [1]
USBD_StdEPReq           0x080017db   0xe2  Code  Gb  usbd_ctlreq.o [1]
USBD_StdItfReq          0x080017a1   0x3a  Code  Gb  usbd_ctlreq.o [1]
USBD_StrDesc            0x20000bbc  0x200  Data  Gb  usbd_desc.o [1]
USBD_static_free        0x080010a1    0x2  Code  Gb  usbd_conf.o [1]
USBD_static_malloc      0x08001085    0x4  Code  Gb  usbd_conf.o [1]
USB_IRQHandler          0x0800358d    0xa  Code  Gb  stm32f0xx_it.o [1]
UserRxBufferFS          0x20000ed8    0x4  Data  Gb  usbd_cdc_if.o [1]
UserTxBufferFS          0x20000edc    0x4  Data  Gb  usbd_cdc_if.o [1]
__ICFEDIT_region_RAM_end__ {Abs}
                        0x20003fff          --   Gb  command line/config [2]
__ICFEDIT_region_RAM_start__ {Abs}
                        0x20000000          --   Gb  command line/config [2]
__aeabi_idiv0           0x08002fcd         Code  Gb  IntDivZer.o [4]
__aeabi_memcpy4         0x08003321         Code  Wk  ABImemcpy.o [4]
__aeabi_uidiv           0x08001abb         Code  Gb  I32DivModFast.o [4]
__aeabi_uidivmod        0x08001abb         Code  Gb  I32DivModFast.o [4]
__cmain                 0x080035ed         Code  Gb  cmain.o [4]
__exit                  0x08003621   0x14  Code  Gb  exit.o [5]
__iar_data_init3        0x080035a5   0x28  Code  Gb  data_init.o [4]
__iar_lz77_init_single3
                        0x08003401   0x7c  Code  Gb  lz77_init_single.o [4]
__iar_program_start     0x08003645         Code  Gb  cstartup_M.o [4]
__iar_zero_init3        0x08003531   0x3c  Code  Gb  zero_init3.o [4]
__low_level_init        0x08003607    0x4  Code  Gb  low_level_init.o [3]
__vector_table          0x08000000         Data  Gb  startup_stm32f072xb.o [1]
_call_main              0x080035f9         Code  Gb  cmain.o [4]
_exit                   0x08003615         Code  Gb  cexit.o [4]
_main                   0x08003603         Code  Gb  cmain.o [4]
exit                    0x0800360b    0x8  Code  Gb  exit.o [3]
hUsbDeviceFS            0x20000558  0x224  Data  Gb  usb_device.o [1]
hpcd_USB_FS             0x2000077c  0x220  Data  Gb  usbd_conf.o [1]
htim3                   0x20000e9c   0x3c  Data  Gb  main.o [1]
huart1                  0x20000dbc   0x70  Data  Gb  main.o [1]
huart4                  0x20000e2c   0x70  Data  Gb  main.o [1]
main                    0x080013ad   0xdc  Code  Gb  main.o [1]
uwTick                  0x20000ee0    0x4  Data  Gb  stm32f0xx_hal.o [1]


[1] = D:\GENFrameWork\GEN\Platforms\Microcontrollers\STM32Fxxx\Library\EWARM\Library\Obj
[2] = command line
[3] = dl6M_tlf.a
[4] = rt6M_tl.a
[5] = shb_l.a

  13 928 bytes of readonly  code memory
     248 bytes of readonly  data memory
   3 814 bytes of readwrite data memory

Errors: none
Warnings: none
